
> job-loker-nasional@0.1.0 dev
> next dev --webpack --hostname 127.0.0.1 --port 3000

▲ Next.js 16.2.6 (webpack)
- Local:         http://127.0.0.1:3000
- Network:       http://127.0.0.1:3000
- Environments: .env.local, .env
✓ Ready in 1848ms
- Experiments (use with caution):
  · cpus: 2
  · staticGenerationMaxConcurrency: 2
  ✓ webpackMemoryOptimizations

○ Compiling / ...
 GET / 200 in 27.6s (next.js: 20.7s, application-code: 7.0s)
 GET / 200 in 4.4s (next.js: 9ms, application-code: 4.4s)
 GET / 200 in 4.2s (next.js: 3ms, application-code: 4.2s)
○ Compiling /jobs ...
 GET /jobs 200 in 7.1s (next.js: 3.3s, application-code: 3.9s)
 GET /jobs 200 in 3.6s (next.js: 5ms, application-code: 3.6s)
  Reload env: .env.local
[?25h
